Microsoft Windows [Versión 10.0.10586]
(c) 2016 Microsoft Corporation. Todos los derechos reservados.

C:\Users\usuario>e:

E:\>cd Django

E:\Django>git init
Initialized empty Git repository in E:/Django/.git/

E:\Django>git config user.name "Dany"

E:\Django>git config user.email danielcepeaa@gmail.com

E:\Django>git status
On branch master

No commits yet

Untracked files:
  (use "git add <file>..." to include in what will be committed)

        .gitignore
        Trabajo Domingo 24-06-2018.txt
        blog/
        manage.py
        mysite/

nothing added to commit but untracked files present (use "git add" to track)

E:\Django>git add --all .
warning: LF will be replaced by CRLF in blog/admin.py.
The file will have its original line endings in your working directory.
warning: LF will be replaced by CRLF in blog/migrations/0001_initial.py.
The file will have its original line endings in your working directory.
warning: LF will be replaced by CRLF in blog/migrations/0002_post_published_date.py.
The file will have its original line endings in your working directory.
warning: LF will be replaced by CRLF in blog/models.py.
The file will have its original line endings in your working directory.
warning: LF will be replaced by CRLF in blog/tests.py.
The file will have its original line endings in your working directory.
warning: LF will be replaced by CRLF in blog/views.py.
The file will have its original line endings in your working directory.
warning: LF will be replaced by CRLF in manage.py.
The file will have its original line endings in your working directory.
warning: LF will be replaced by CRLF in mysite/settings.py.
The file will have its original line endings in your working directory.
warning: LF will be replaced by CRLF in mysite/urls.py.
The file will have its original line endings in your working directory.
warning: LF will be replaced by CRLF in mysite/wsgi.py.
The file will have its original line endings in your working directory.

E:\Django>git commit -m "Mi app Django Girls, primer commit"
[master (root-commit) bb087b4] Mi app Django Girls, primer commit
 15 files changed, 350 insertions(+)
 create mode 100644 .gitignore
 create mode 100644 Trabajo Domingo 24-06-2018.txt
 create mode 100644 blog/__init__.py
 create mode 100644 blog/admin.py
 create mode 100644 blog/migrations/0001_initial.py
 create mode 100644 blog/migrations/0002_post_published_date.py
 create mode 100644 blog/migrations/__init__.py
 create mode 100644 blog/models.py
 create mode 100644 blog/tests.py
 create mode 100644 blog/views.py
 create mode 100644 manage.py
 create mode 100644 mysite/__init__.py
 create mode 100644 mysite/settings.py
 create mode 100644 mysite/urls.py
 create mode 100644 mysite/wsgi.py

E:\Django>git remote add origin https://github.com/Danielitorob/my-first22-blog.git

E:\Django>git push -u origin master
Enumerating objects: 18, done.
Counting objects: 100% (18/18), done.
Delta compression using up to 2 threads.
Compressing objects: 100% (16/16), done.
Writing objects: 100% (18/18), 4.78 KiB | 407.00 KiB/s, done.
Total 18 (delta 1), reused 0 (delta 0)
remote: Resolving deltas: 100% (1/1), done.
To https://github.com/Danielitorob/my-first22-blog.git
 * [new branch]      master -> master
Branch 'master' set up to track remote branch 'master' from 'origin'.

E:\Django>